[segssl] objective=barlow seed=4 fold=0 test=sub01 segments=8025
[segssl] objective=barlow seed=4 fold=1 test=sub05 segments=8026
[segssl] objective=barlow seed=4 fold=2 test=sub07 segments=8026
[segssl] objective=barlow seed=4 fold=3 test=sub08 segments=8053
[segssl] objective=barlow seed=4 fold=4 test=sub09 segments=8114
[segssl] objective=barlow seed=4 fold=5 test=sub10 segments=8081
[segssl] objective=barlow seed=4 fold=6 test=sub11 segments=8078
[segssl] objective=barlow seed=4 fold=7 test=sub13 segments=8093
[segssl] objective=barlow seed=4 fold=8 test=sub14 segments=8088
[segssl] objective=barlow seed=4 fold=9 test=sub15 segments=8048
[segssl] objective=barlow seed=4 fold=10 test=sub16 segments=8044
[segssl] objective=barlow seed=4 fold=11 test=sub17 segments=8028
[segssl] objective=barlow seed=4 fold=12 test=sub18 segments=8062
[segssl] objective=barlow seed=4 fold=13 test=sub20 segments=8084
[segssl] objective=barlow seed=4 fold=14 test=sub22 segments=8074
[segssl] objective=barlow seed=4 fold=15 test=sub24 segments=8059
[segssl] objective=barlow seed=4 fold=16 test=sub27 segments=8018
[segssl] objective=barlow seed=4 fold=17 test=sub28 segments=8038
[segssl] objective=barlow seed=4 fold=18 test=sub29 segments=8097
Wrote predictions: E:\AAAProjectList\EEG_PredictStokeDLModel\results\predictions\dl_loso_predictions_segssl_barlow_all-patient_fc-wpli_finetune_seed4_pre20_proj32_mask0_03_noise0_02_mlp1_0_sup100_10seed_locked.csv
Wrote metrics: E:\AAAProjectList\EEG_PredictStokeDLModel\results\metrics\dl_model_comparison_segssl_barlow_all-patient_fc-wpli_finetune_seed4_pre20_proj32_mask0_03_noise0_02_mlp1_0_sup100_10seed_locked.csv
Wrote SSL history: E:\AAAProjectList\EEG_PredictStokeDLModel\results\ssl\segment_ssl_history_segssl_barlow_all-patient_fc-wpli_finetune_seed4_pre20_proj32_mask0_03_noise0_02_mlp1_0_sup100_10seed_locked.csv
[segssl] objective=barlow seed=5 fold=0 test=sub01 segments=8025
[segssl] objective=barlow seed=5 fold=1 test=sub05 segments=8026
[segssl] objective=barlow seed=5 fold=2 test=sub07 segments=8026
[segssl] objective=barlow seed=5 fold=3 test=sub08 segments=8053
[segssl] objective=barlow seed=5 fold=4 test=sub09 segments=8114
[segssl] objective=barlow seed=5 fold=5 test=sub10 segments=8081
[segssl] objective=barlow seed=5 fold=6 test=sub11 segments=8078
[segssl] objective=barlow seed=5 fold=7 test=sub13 segments=8093
[segssl] objective=barlow seed=5 fold=8 test=sub14 segments=8088
[segssl] objective=barlow seed=5 fold=9 test=sub15 segments=8048
[segssl] objective=barlow seed=5 fold=10 test=sub16 segments=8044
[segssl] objective=barlow seed=5 fold=11 test=sub17 segments=8028
[segssl] objective=barlow seed=5 fold=12 test=sub18 segments=8062
[segssl] objective=barlow seed=5 fold=13 test=sub20 segments=8084
[segssl] objective=barlow seed=5 fold=14 test=sub22 segments=8074
[segssl] objective=barlow seed=5 fold=15 test=sub24 segments=8059
[segssl] objective=barlow seed=5 fold=16 test=sub27 segments=8018
[segssl] objective=barlow seed=5 fold=17 test=sub28 segments=8038
[segssl] objective=barlow seed=5 fold=18 test=sub29 segments=8097
Wrote predictions: E:\AAAProjectList\EEG_PredictStokeDLModel\results\predictions\dl_loso_predictions_segssl_barlow_all-patient_fc-wpli_finetune_seed5_pre20_proj32_mask0_03_noise0_02_mlp1_0_sup100_10seed_locked.csv
Wrote metrics: E:\AAAProjectList\EEG_PredictStokeDLModel\results\metrics\dl_model_comparison_segssl_barlow_all-patient_fc-wpli_finetune_seed5_pre20_proj32_mask0_03_noise0_02_mlp1_0_sup100_10seed_locked.csv
Wrote SSL history: E:\AAAProjectList\EEG_PredictStokeDLModel\results\ssl\segment_ssl_history_segssl_barlow_all-patient_fc-wpli_finetune_seed5_pre20_proj32_mask0_03_noise0_02_mlp1_0_sup100_10seed_locked.csv
[segssl] objective=barlow seed=21 fold=0 test=sub01 segments=8025
[segssl] objective=barlow seed=21 fold=1 test=sub05 segments=8026
[segssl] objective=barlow seed=21 fold=2 test=sub07 segments=8026
[segssl] objective=barlow seed=21 fold=3 test=sub08 segments=8053
[segssl] objective=barlow seed=21 fold=4 test=sub09 segments=8114
[segssl] objective=barlow seed=21 fold=5 test=sub10 segments=8081
[segssl] objective=barlow seed=21 fold=6 test=sub11 segments=8078
[segssl] objective=barlow seed=21 fold=7 test=sub13 segments=8093
[segssl] objective=barlow seed=21 fold=8 test=sub14 segments=8088
[segssl] objective=barlow seed=21 fold=9 test=sub15 segments=8048
[segssl] objective=barlow seed=21 fold=10 test=sub16 segments=8044
[segssl] objective=barlow seed=21 fold=11 test=sub17 segments=8028
[segssl] objective=barlow seed=21 fold=12 test=sub18 segments=8062
[segssl] objective=barlow seed=21 fold=13 test=sub20 segments=8084
[segssl] objective=barlow seed=21 fold=14 test=sub22 segments=8074
[segssl] objective=barlow seed=21 fold=15 test=sub24 segments=8059
[segssl] objective=barlow seed=21 fold=16 test=sub27 segments=8018
[segssl] objective=barlow seed=21 fold=17 test=sub28 segments=8038
[segssl] objective=barlow seed=21 fold=18 test=sub29 segments=8097
Wrote predictions: E:\AAAProjectList\EEG_PredictStokeDLModel\results\predictions\dl_loso_predictions_segssl_barlow_all-patient_fc-wpli_finetune_seed21_pre20_proj32_mask0_03_noise0_02_mlp1_0_sup100_10seed_locked.csv
Wrote metrics: E:\AAAProjectList\EEG_PredictStokeDLModel\results\metrics\dl_model_comparison_segssl_barlow_all-patient_fc-wpli_finetune_seed21_pre20_proj32_mask0_03_noise0_02_mlp1_0_sup100_10seed_locked.csv
Wrote SSL history: E:\AAAProjectList\EEG_PredictStokeDLModel\results\ssl\segment_ssl_history_segssl_barlow_all-patient_fc-wpli_finetune_seed21_pre20_proj32_mask0_03_noise0_02_mlp1_0_sup100_10seed_locked.csv
[segssl] objective=barlow seed=42 fold=0 test=sub01 segments=8025
[segssl] objective=barlow seed=42 fold=1 test=sub05 segments=8026
[segssl] objective=barlow seed=42 fold=2 test=sub07 segments=8026
[segssl] objective=barlow seed=42 fold=3 test=sub08 segments=8053
[segssl] objective=barlow seed=42 fold=4 test=sub09 segments=8114
[segssl] objective=barlow seed=42 fold=5 test=sub10 segments=8081
[segssl] objective=barlow seed=42 fold=6 test=sub11 segments=8078
[segssl] objective=barlow seed=42 fold=7 test=sub13 segments=8093
[segssl] objective=barlow seed=42 fold=8 test=sub14 segments=8088
[segssl] objective=barlow seed=42 fold=9 test=sub15 segments=8048
[segssl] objective=barlow seed=42 fold=10 test=sub16 segments=8044
[segssl] objective=barlow seed=42 fold=11 test=sub17 segments=8028
[segssl] objective=barlow seed=42 fold=12 test=sub18 segments=8062
[segssl] objective=barlow seed=42 fold=13 test=sub20 segments=8084
[segssl] objective=barlow seed=42 fold=14 test=sub22 segments=8074
[segssl] objective=barlow seed=42 fold=15 test=sub24 segments=8059
[segssl] objective=barlow seed=42 fold=16 test=sub27 segments=8018
[segssl] objective=barlow seed=42 fold=17 test=sub28 segments=8038
[segssl] objective=barlow seed=42 fold=18 test=sub29 segments=8097
Wrote predictions: E:\AAAProjectList\EEG_PredictStokeDLModel\results\predictions\dl_loso_predictions_segssl_barlow_all-patient_fc-wpli_finetune_seed42_pre20_proj32_mask0_03_noise0_02_mlp1_0_sup100_10seed_locked.csv
Wrote metrics: E:\AAAProjectList\EEG_PredictStokeDLModel\results\metrics\dl_model_comparison_segssl_barlow_all-patient_fc-wpli_finetune_seed42_pre20_proj32_mask0_03_noise0_02_mlp1_0_sup100_10seed_locked.csv
Wrote SSL history: E:\AAAProjectList\EEG_PredictStokeDLModel\results\ssl\segment_ssl_history_segssl_barlow_all-patient_fc-wpli_finetune_seed42_pre20_proj32_mask0_03_noise0_02_mlp1_0_sup100_10seed_locked.csv
Wrote seed summary: E:\AAAProjectList\EEG_PredictStokeDLModel\results\metrics\segssl_seed_summary_barlow_all-patient_fc_wpli.csv
Wrote per-subject error frequency: E:\AAAProjectList\EEG_PredictStokeDLModel\results\metrics\segssl_subject_error_frequency_barlow_all-patient_fc_wpli.csv
Wrote summary: E:\AAAProjectList\EEG_PredictStokeDLModel\results\metrics\segssl_transfer_summary_fc_wpli.csv
