Wrote final SSL-CNN ablation outputs:
F:\CJZProjectFile\EEG_PredictStokeDLModel\final_model_ablation_explainability_results_20260610\independent_train_gpu_main\results\predictions\final_ssl_cnn_feature_state_band_ablation_predictions.csv
F:\CJZProjectFile\EEG_PredictStokeDLModel\final_model_ablation_explainability_results_20260610\independent_train_gpu_main\results\metrics\final_ssl_cnn_feature_state_band_ablation_seed_metrics.csv
F:\CJZProjectFile\EEG_PredictStokeDLModel\final_model_ablation_explainability_results_20260610\independent_train_gpu_main\results\metrics\final_ssl_cnn_feature_state_band_ablation_seedmean_metrics.csv
F:\CJZProjectFile\EEG_PredictStokeDLModel\final_model_ablation_explainability_results_20260610\independent_train_gpu_main\results\metrics\final_ssl_cnn_feature_state_band_ablation_delta_vs_full.csv
F:\CJZProjectFile\EEG_PredictStokeDLModel\final_model_ablation_explainability_results_20260610\independent_train_gpu_main\results\tables\table3_final_ssl_cnn_feature_state_band_ablation_for_paper.csv
F:\CJZProjectFile\EEG_PredictStokeDLModel\final_model_ablation_explainability_results_20260610\independent_train_gpu_main\results\tables\table3_final_ssl_cnn_feature_state_band_ablation_for_paper.md
F:\CJZProjectFile\EEG_PredictStokeDLModel\final_model_ablation_explainability_results_20260610\independent_train_gpu_main\results\tables\supplementary_final_ssl_cnn_feature_state_band_ablation.csv
F:\CJZProjectFile\EEG_PredictStokeDLModel\final_model_ablation_explainability_results_20260610\independent_train_gpu_main\results\tables\supplementary_final_ssl_cnn_feature_state_band_ablation.md
F:\CJZProjectFile\EEG_PredictStokeDLModel\final_model_ablation_explainability_results_20260610\independent_train_gpu_main\results\figures\revised_initial\figure5c_final_ssl_cnn_feature_state_band_ablation_ranking.png
F:\CJZProjectFile\EEG_PredictStokeDLModel\final_model_ablation_explainability_results_20260610\independent_train_gpu_main\results\figures\revised_initial\figure5c_final_ssl_cnn_feature_state_band_ablation_ranking.svg
F:\CJZProjectFile\EEG_PredictStokeDLModel\final_model_ablation_explainability_results_20260610\independent_train_gpu_main\results\figures\revised_initial\figure5c_final_ssl_cnn_feature_state_band_ablation_ranking.pdf
F:\CJZProjectFile\EEG_PredictStokeDLModel\final_model_ablation_explainability_results_20260610\independent_train_gpu_main\results\figures\revised_initial\figure5c_final_ssl_cnn_feature_state_band_ablation_ranking.tiff
F:\CJZProjectFile\EEG_PredictStokeDLModel\final_model_ablation_explainability_results_20260610\independent_train_gpu_main\results\figures\revised_initial\figure5d_final_ssl_cnn_information_efficiency.png
F:\CJZProjectFile\EEG_PredictStokeDLModel\final_model_ablation_explainability_results_20260610\independent_train_gpu_main\results\figures\revised_initial\figure5d_final_ssl_cnn_information_efficiency.svg
F:\CJZProjectFile\EEG_PredictStokeDLModel\final_model_ablation_explainability_results_20260610\independent_train_gpu_main\results\figures\revised_initial\figure5d_final_ssl_cnn_information_efficiency.pdf
F:\CJZProjectFile\EEG_PredictStokeDLModel\final_model_ablation_explainability_results_20260610\independent_train_gpu_main\results\figures\revised_initial\figure5d_final_ssl_cnn_information_efficiency.tiff
F:\CJZProjectFile\EEG_PredictStokeDLModel\final_model_ablation_explainability_results_20260610\independent_train_gpu_main\docs\final_ssl_cnn_feature_state_band_ablation_results_for_section3.md
F:\CJZProjectFile\EEG_PredictStokeDLModel\final_model_ablation_explainability_results_20260610\independent_train_gpu_main\docs\final_ssl_cnn_feature_state_band_ablation_numeric_claims.md
F:\CJZProjectFile\EEG_PredictStokeDLModel\final_model_ablation_explainability_results_20260610\independent_train_gpu_main\results\ssl\final_ssl_cnn_feature_state_band_ablation_ssl_history.csv
F:\CJZProjectFile\EEG_PredictStokeDLModel\final_model_ablation_explainability_results_20260610\independent_train_gpu_main\results\loss_history\final_ssl_cnn_feature_state_band_ablation_supervised_loss_history.csv
