[segment-fc] patient:sub01 stage=即时 state=EC segments=46
[segment-fc] patient:sub01 stage=即时 state=EO segments=63
[segment-fc] patient:sub01 stage=基线 state=EC segments=47
[segment-fc] patient:sub01 stage=基线 state=EO segments=45
[segment-fc] patient:sub01 stage=最终 state=EC segments=49
[segment-fc] patient:sub01 stage=最终 state=EO segments=51
[segment-fc] patient:sub01 stage=阶段 state=EC segments=53
[segment-fc] patient:sub01 stage=阶段 state=EO segments=52
[segment-fc] patient:sub02 stage=基线 state=EC segments=49
[segment-fc] patient:sub02 stage=基线 state=EO segments=49
[segment-fc] patient:sub03 stage=即时 state=EC segments=37
[segment-fc] patient:sub03 stage=即时 state=EO segments=40
[segment-fc] patient:sub03 stage=基线 state=EC segments=14
[segment-fc] patient:sub03 stage=基线 state=EO segments=46
[segment-fc] patient:sub05 stage=即时 state=EC segments=47
[segment-fc] patient:sub05 stage=即时 state=EO segments=45
[segment-fc] patient:sub05 stage=基线 state=EC segments=58
[segment-fc] patient:sub05 stage=基线 state=EO segments=60
[segment-fc] patient:sub05 stage=最终 state=EC segments=47
[segment-fc] patient:sub05 stage=最终 state=EO segments=42
[segment-fc] patient:sub05 stage=阶段 state=EC segments=47
[segment-fc] patient:sub05 stage=阶段 state=EO segments=59
[segment-fc] patient:sub06 stage=基线 state=EC segments=37
[segment-fc] patient:sub06 stage=基线 state=EO segments=46
[segment-fc] patient:sub07 stage=即时 state=EC segments=56
[segment-fc] patient:sub07 stage=即时 state=EO segments=46
[segment-fc] patient:sub07 stage=基线 state=EC segments=48
[segment-fc] patient:sub07 stage=基线 state=EO segments=47
[segment-fc] patient:sub07 stage=最终 state=EC segments=47
[segment-fc] patient:sub07 stage=最终 state=EO segments=60
[segment-fc] patient:sub07 stage=阶段 state=EC segments=42
[segment-fc] patient:sub07 stage=阶段 state=EO segments=59
[segment-fc] patient:sub08 stage=即时 state=EC segments=48
[segment-fc] patient:sub08 stage=即时 state=EO segments=52
[segment-fc] patient:sub08 stage=基线 state=EC segments=45
[segment-fc] patient:sub08 stage=基线 state=EO segments=44
[segment-fc] patient:sub08 stage=最终 state=EC segments=53
[segment-fc] patient:sub08 stage=最终 state=EO segments=45
[segment-fc] patient:sub08 stage=阶段 state=EC segments=45
[segment-fc] patient:sub08 stage=阶段 state=EO segments=46
[segment-fc] patient:sub09 stage=即时 state=EC segments=39
[segment-fc] patient:sub09 stage=即时 state=EO segments=48
[segment-fc] patient:sub09 stage=基线 state=EC segments=51
[segment-fc] patient:sub09 stage=基线 state=EO segments=41
[segment-fc] patient:sub09 stage=最终 state=EC segments=48
[segment-fc] patient:sub09 stage=最终 state=EO segments=27
[segment-fc] patient:sub09 stage=阶段 state=EC segments=31
[segment-fc] patient:sub09 stage=阶段 state=EO segments=32
[segment-fc] patient:sub10 stage=即时 state=EC segments=34
[segment-fc] patient:sub10 stage=即时 state=EO segments=55
[segment-fc] patient:sub10 stage=基线 state=EC segments=47
[segment-fc] patient:sub10 stage=基线 state=EO segments=42
[segment-fc] patient:sub10 stage=最终 state=EC segments=46
[segment-fc] patient:sub10 stage=最终 state=EO segments=44
[segment-fc] patient:sub10 stage=阶段 state=EC segments=39
[segment-fc] patient:sub10 stage=阶段 state=EO segments=43
[segment-fc] patient:sub11 stage=即时 state=EC segments=46
[segment-fc] patient:sub11 stage=即时 state=EO segments=45
[segment-fc] patient:sub11 stage=基线 state=EC segments=48
[segment-fc] patient:sub11 stage=基线 state=EO segments=47
[segment-fc] patient:sub11 stage=最终 state=EC segments=38
[segment-fc] patient:sub11 stage=最终 state=EO segments=39
[segment-fc] patient:sub11 stage=阶段 state=EC segments=46
[segment-fc] patient:sub11 stage=阶段 state=EO segments=44
[segment-fc] patient:sub12 stage=即时 state=EC segments=45
[segment-fc] patient:sub12 stage=即时 state=EO segments=44
[segment-fc] patient:sub12 stage=基线 state=EC segments=45
[segment-fc] patient:sub12 stage=基线 state=EO segments=45
[segment-fc] patient:sub12 stage=阶段 state=EC segments=45
[segment-fc] patient:sub12 stage=阶段 state=EO segments=44
[segment-fc] patient:sub13 stage=即时 state=EC segments=50
[segment-fc] patient:sub13 stage=即时 state=EO segments=52
[segment-fc] patient:sub13 stage=基线 state=EC segments=24
[segment-fc] patient:sub13 stage=基线 state=EO segments=29
[segment-fc] patient:sub13 stage=最终 state=EC segments=48
[segment-fc] patient:sub13 stage=最终 state=EO segments=45
[segment-fc] patient:sub13 stage=阶段 state=EC segments=50
[segment-fc] patient:sub13 stage=阶段 state=EO segments=40
[segment-fc] patient:sub14 stage=即时 state=EC segments=45
[segment-fc] patient:sub14 stage=即时 state=EO segments=42
[segment-fc] patient:sub14 stage=基线 state=EC segments=46
[segment-fc] patient:sub14 stage=基线 state=EO segments=28
[segment-fc] patient:sub14 stage=最终 state=EC segments=45
[segment-fc] patient:sub14 stage=最终 state=EO segments=46
[segment-fc] patient:sub14 stage=阶段 state=EC segments=48
[segment-fc] patient:sub14 stage=阶段 state=EO segments=43
[segment-fc] patient:sub15 stage=即时 state=EC segments=49
[segment-fc] patient:sub15 stage=即时 state=EO segments=51
[segment-fc] patient:sub15 stage=基线 state=EC segments=46
[segment-fc] patient:sub15 stage=基线 state=EO segments=43
[segment-fc] patient:sub15 stage=最终 state=EC segments=49
[segment-fc] patient:sub15 stage=最终 state=EO segments=49
[segment-fc] patient:sub15 stage=阶段 state=EC segments=47
[segment-fc] patient:sub15 stage=阶段 state=EO segments=49
[segment-fc] patient:sub16 stage=即时 state=EC segments=66
[segment-fc] patient:sub16 stage=即时 state=EO segments=46
[segment-fc] patient:sub16 stage=基线 state=EC segments=44
[segment-fc] patient:sub16 stage=基线 state=EO segments=49
[segment-fc] patient:sub16 stage=最终 state=EC segments=46
[segment-fc] patient:sub16 stage=最终 state=EO segments=43
[segment-fc] patient:sub16 stage=阶段 state=EC segments=47
[segment-fc] patient:sub16 stage=阶段 state=EO segments=46
[segment-fc] patient:sub17 stage=即时 state=EC segments=63
[segment-fc] patient:sub17 stage=即时 state=EO segments=46
[segment-fc] patient:sub17 stage=基线 state=EC segments=47
[segment-fc] patient:sub17 stage=基线 state=EO segments=60
[segment-fc] patient:sub17 stage=最终 state=EC segments=50
[segment-fc] patient:sub17 stage=最终 state=EO segments=47
[segment-fc] patient:sub17 stage=阶段 state=EC segments=38
[segment-fc] patient:sub17 stage=阶段 state=EO segments=52
[segment-fc] patient:sub18 stage=即时 state=EC segments=46
[segment-fc] patient:sub18 stage=即时 state=EO segments=46
[segment-fc] patient:sub18 stage=基线 state=EC segments=45
[segment-fc] patient:sub18 stage=基线 state=EO segments=49
[segment-fc] patient:sub18 stage=最终 state=EC segments=47
[segment-fc] patient:sub18 stage=最终 state=EO segments=48
[segment-fc] patient:sub18 stage=阶段 state=EC segments=45
[segment-fc] patient:sub18 stage=阶段 state=EO segments=43
[segment-fc] patient:sub19 stage=基线 state=EC segments=43
[segment-fc] patient:sub19 stage=基线 state=EO segments=42
[segment-fc] patient:sub20 stage=即时 state=EC segments=39
[segment-fc] patient:sub20 stage=即时 state=EO segments=36
[segment-fc] patient:sub20 stage=基线 state=EC segments=46
[segment-fc] patient:sub20 stage=基线 state=EO segments=42
[segment-fc] patient:sub20 stage=最终 state=EC segments=43
[segment-fc] patient:sub20 stage=最终 state=EO segments=42
[segment-fc] patient:sub20 stage=阶段 state=EC segments=51
[segment-fc] patient:sub20 stage=阶段 state=EO segments=48
[segment-fc] patient:sub21 stage=即时 state=EC segments=45
[segment-fc] patient:sub21 stage=即时 state=EO segments=45
[segment-fc] patient:sub21 stage=基线 state=EC segments=42
[segment-fc] patient:sub21 stage=基线 state=EO segments=39
[segment-fc] patient:sub21 stage=最终 state=EC segments=43
[segment-fc] patient:sub21 stage=最终 state=EO segments=44
[segment-fc] patient:sub21 stage=阶段 state=EC segments=43
[segment-fc] patient:sub21 stage=阶段 state=EO segments=44
[segment-fc] patient:sub22 stage=即时 state=EC segments=44
[segment-fc] patient:sub22 stage=即时 state=EO segments=45
[segment-fc] patient:sub22 stage=基线 state=EC segments=45
[segment-fc] patient:sub22 stage=基线 state=EO segments=45
[segment-fc] patient:sub22 stage=最终 state=EC segments=44
[segment-fc] patient:sub22 stage=最终 state=EO segments=45
[segment-fc] patient:sub22 stage=阶段 state=EC segments=44
[segment-fc] patient:sub22 stage=阶段 state=EO segments=45
[segment-fc] patient:sub23 stage=基线 state=EC segments=41
[segment-fc] patient:sub23 stage=基线 state=EO segments=39
[segment-fc] patient:sub24 stage=即时 state=EC segments=47
[segment-fc] patient:sub24 stage=即时 state=EO segments=45
[segment-fc] patient:sub24 stage=基线 state=EC segments=50
[segment-fc] patient:sub24 stage=基线 state=EO segments=46
[segment-fc] patient:sub24 stage=最终 state=EC segments=48
[segment-fc] patient:sub24 stage=最终 state=EO segments=46
[segment-fc] patient:sub24 stage=阶段 state=EC segments=44
[segment-fc] patient:sub24 stage=阶段 state=EO segments=46
[segment-fc] patient:sub25 stage=即时 state=EC segments=41
[segment-fc] patient:sub25 stage=即时 state=EO segments=55
[segment-fc] patient:sub25 stage=基线 state=EC segments=45
[segment-fc] patient:sub25 stage=基线 state=EO segments=50
[segment-fc] patient:sub26 stage=基线 state=EC segments=45
[segment-fc] patient:sub26 stage=基线 state=EO segments=46
[segment-fc] patient:sub27 stage=即时 state=EC segments=52
[segment-fc] patient:sub27 stage=即时 state=EO segments=56
[segment-fc] patient:sub27 stage=基线 state=EC segments=48
[segment-fc] patient:sub27 stage=基线 state=EO segments=47
[segment-fc] patient:sub27 stage=最终 state=EC segments=52
[segment-fc] patient:sub27 stage=最终 state=EO segments=49
[segment-fc] patient:sub27 stage=阶段 state=EC segments=64
[segment-fc] patient:sub27 stage=阶段 state=EO segments=45
[segment-fc] patient:sub28 stage=即时 state=EC segments=50
[segment-fc] patient:sub28 stage=即时 state=EO segments=45
[segment-fc] patient:sub28 stage=基线 state=EC segments=43
[segment-fc] patient:sub28 stage=基线 state=EO segments=44
[segment-fc] patient:sub28 stage=最终 state=EC segments=45
[segment-fc] patient:sub28 stage=最终 state=EO segments=44
[segment-fc] patient:sub28 stage=阶段 state=EC segments=50
[segment-fc] patient:sub28 stage=阶段 state=EO segments=72
[segment-fc] patient:sub29 stage=即时 state=EC segments=49
[segment-fc] patient:sub29 stage=即时 state=EO segments=36
[segment-fc] patient:sub29 stage=基线 state=EC segments=50
[segment-fc] patient:sub29 stage=基线 state=EO segments=45
[segment-fc] patient:sub29 stage=最终 state=EC segments=34
[segment-fc] patient:sub29 stage=最终 state=EO segments=27
[segment-fc] patient:sub29 stage=阶段 state=EC segments=47
[segment-fc] patient:sub29 stage=阶段 state=EO segments=46
Wrote or validated 8431 FC/wPLI segment feature(s).
